2026/03/17 16:29:19 Server running on http://localhost:8080 (env: development)
2026/03/17 16:29:19 GET /api/pipeline/status 200 0s
2026/03/17 16:29:19 GET /api/pipeline/status 200 0s
2026/03/17 16:29:19 GET /api/monitor/progress 200 0s
2026/03/17 16:29:19 GET /api/monitor/progress 200 0s
2026/03/17 16:29:26 GET /api/health 200 997.5µs
2026/03/17 16:29:57 GET /api/backtest/risk-events 200 0s
2026/03/17 16:29:57 GET /api/monitor/gates 200 0s
2026/03/17 16:29:57 GET /api/signals/stats 200 515.6µs
2026/03/17 16:29:57 GET /api/signals/recent 200 0s
2026/03/17 16:29:57 GET /api/pipeline/history 200 0s
2026/03/17 16:29:57 GET /api/monitor/metrics/xgb_fold 200 0s
2026/03/17 16:29:57 GET /api/health 200 0s
2026/03/17 16:29:57 GET /api/pipeline/status 200 0s
2026/03/17 16:29:57 GET /api/monitor/progress 200 0s
2026/03/17 16:29:57 GET /api/backtest/metrics 200 0s
2026/03/17 16:30:26 POST /api/pipeline/start 202 1.5998ms
2026/03/17 16:30:30 GET /api/pipeline/status 200 0s
2026/03/17 16:30:57 GET /api/backtest/equity 200 0s
2026/03/17 16:30:57 GET /api/backtest/trades 200 0s
2026/03/17 16:30:57 GET /api/pipeline/status 200 0s
2026/03/17 16:30:57 GET /api/monitor/progress 200 0s
2026/03/17 16:30:57 GET /api/pipeline/history 200 0s
2026/03/17 16:30:57 GET /api/health 200 0s
2026/03/17 16:30:57 GET /api/backtest/metrics 200 0s
2026/03/17 16:30:57 GET /api/backtest/risk-events 200 0s
2026/03/17 16:30:57 GET /api/monitor/gates 200 0s
2026/03/17 16:30:57 GET /api/signals/stats 200 0s
2026/03/17 16:30:57 GET /api/signals/recent 200 0s
2026/03/17 16:30:57 GET /api/monitor/metrics/xgb_fold 200 0s
2026/03/17 16:31:09 POST /api/pipeline/start 202 510.1µs
2026/03/17 16:31:29 GET /api/pipeline/status 200 862.1µs
2026/03/17 16:31:29 GET /api/monitor/progress 200 633.4µs
2026/03/17 16:31:57 GET /api/pipeline/status 200 0s
2026/03/17 16:31:57 GET /api/backtest/metrics 200 0s
2026/03/17 16:31:57 GET /api/health 200 0s
2026/03/17 16:31:57 GET /api/monitor/progress 200 998.5µs
2026/03/17 16:31:57 GET /api/pipeline/history 200 998.5µs
2026/03/17 16:31:57 GET /api/backtest/trades 200 998.6µs
2026/03/17 16:31:57 GET /api/backtest/equity 200 0s
2026/03/17 16:31:57 GET /api/backtest/risk-events 200 0s
2026/03/17 16:31:57 GET /api/monitor/gates 200 513µs
2026/03/17 16:31:57 GET /api/signals/stats 200 0s
2026/03/17 16:31:57 GET /api/signals/recent 200 0s
2026/03/17 16:31:57 GET /api/monitor/metrics/xgb_fold 200 0s
2026/03/17 16:32:57 GET /api/pipeline/status 200 0s
2026/03/17 16:32:57 GET /api/monitor/progress 200 0s
2026/03/17 16:32:57 GET /api/pipeline/history 200 0s
2026/03/17 16:32:57 GET /api/health 200 0s
2026/03/17 16:32:57 GET /api/backtest/metrics 200 0s
2026/03/17 16:32:57 GET /api/backtest/trades 200 0s
2026/03/17 16:32:57 GET /api/backtest/equity 200 0s
2026/03/17 16:32:57 GET /api/backtest/risk-events 200 0s
2026/03/17 16:32:57 GET /api/monitor/gates 200 0s
2026/03/17 16:32:57 GET /api/signals/stats 200 0s
2026/03/17 16:32:57 GET /api/signals/recent 200 0s
2026/03/17 16:32:57 GET /api/monitor/metrics/xgb_fold 200 0s
2026/03/17 16:33:57 GET /api/pipeline/status 200 0s
2026/03/17 16:33:57 GET /api/pipeline/history 200 0s
2026/03/17 16:33:57 GET /api/monitor/progress 200 0s
2026/03/17 16:33:57 GET /api/health 200 0s
2026/03/17 16:33:57 GET /api/backtest/metrics 200 0s
2026/03/17 16:33:57 GET /api/backtest/equity 200 716.7µs
2026/03/17 16:33:57 GET /api/backtest/trades 200 0s
2026/03/17 16:33:57 GET /api/backtest/risk-events 200 893.1µs
2026/03/17 16:33:57 GET /api/monitor/gates 200 0s
2026/03/17 16:33:57 GET /api/signals/stats 200 0s
2026/03/17 16:33:57 GET /api/signals/recent 200 0s
2026/03/17 16:33:57 GET /api/monitor/metrics/xgb_fold 200 0s
2026/03/17 16:34:57 GET /api/pipeline/status 200 768.5µs
2026/03/17 16:34:57 GET /api/pipeline/history 200 0s
2026/03/17 16:34:57 GET /api/monitor/progress 200 0s
2026/03/17 16:34:57 GET /api/health 200 0s
2026/03/17 16:34:57 GET /api/backtest/metrics 200 0s
2026/03/17 16:34:57 GET /api/backtest/equity 200 0s
2026/03/17 16:34:57 GET /api/backtest/trades 200 0s
2026/03/17 16:34:57 GET /api/monitor/gates 200 0s
2026/03/17 16:34:57 GET /api/backtest/risk-events 200 0s
2026/03/17 16:34:57 GET /api/signals/recent 200 0s
2026/03/17 16:34:57 GET /api/signals/stats 200 0s
2026/03/17 16:34:57 GET /api/monitor/metrics/xgb_fold 200 0s
2026/03/17 16:35:57 GET /api/pipeline/status 200 0s
2026/03/17 16:35:57 GET /api/pipeline/history 200 749.8µs
2026/03/17 16:35:57 GET /api/health 200 0s
2026/03/17 16:35:57 GET /api/monitor/progress 200 749.8µs
2026/03/17 16:35:57 GET /api/backtest/metrics 200 0s
2026/03/17 16:35:57 GET /api/backtest/trades 200 702.8µs
2026/03/17 16:35:57 GET /api/backtest/equity 200 1.2831ms
2026/03/17 16:35:57 GET /api/backtest/risk-events 200 0s
2026/03/17 16:35:57 GET /api/monitor/gates 200 0s
2026/03/17 16:35:57 GET /api/signals/stats 200 0s
2026/03/17 16:35:57 GET /api/signals/recent 200 574.6µs
2026/03/17 16:35:57 GET /api/monitor/metrics/xgb_fold 200 538µs
2026/03/17 16:36:57 GET /api/pipeline/status 200 0s
2026/03/17 16:36:57 GET /api/pipeline/history 200 0s
2026/03/17 16:36:57 GET /api/health 200 0s
2026/03/17 16:36:57 GET /api/backtest/metrics 200 510.6µs
2026/03/17 16:36:57 GET /api/backtest/equity 200 796.2µs
2026/03/17 16:36:57 GET /api/backtest/trades 200 0s
2026/03/17 16:36:57 GET /api/backtest/risk-events 200 517µs
2026/03/17 16:36:57 GET /api/monitor/gates 200 9.393ms
2026/03/17 16:36:57 GET /api/monitor/progress 200 30.6151ms
2026/03/17 16:36:57 GET /api/signals/stats 200 712.3µs
2026/03/17 16:36:57 GET /api/signals/recent 200 373.4µs
2026/03/17 16:36:57 GET /api/monitor/metrics/xgb_fold 200 3.8982ms
2026/03/17 16:37:45 GET / 404 0s
2026/03/17 16:37:45 GET /favicon.ico 404 0s
2026/03/17 16:37:54 GET /api/pipeline/status 200 0s
2026/03/17 16:37:57 GET /api/pipeline/status 200 0s
2026/03/17 16:37:57 GET /api/monitor/progress 200 510.4µs
2026/03/17 16:37:57 GET /api/pipeline/history 200 0s
2026/03/17 16:37:57 GET /api/health 200 0s
2026/03/17 16:37:57 GET /api/backtest/metrics 200 0s
2026/03/17 16:37:57 GET /api/backtest/equity 200 0s
2026/03/17 16:37:57 GET /api/backtest/trades 200 0s
2026/03/17 16:37:57 GET /api/backtest/risk-events 200 526µs
2026/03/17 16:37:57 GET /api/monitor/gates 200 0s
2026/03/17 16:37:57 GET /api/signals/stats 200 0s
2026/03/17 16:37:57 GET /api/signals/recent 200 0s
2026/03/17 16:37:57 GET /api/monitor/metrics/xgb_fold 200 610.8µs
2026/03/17 16:38:01 GET /api/pipeline/start 405 0s
2026/03/17 16:38:04 GET /api/pipeline/start 405 0s
2026/03/17 16:38:45 OPTIONS /api/health 204 0s
2026/03/17 16:38:45 OPTIONS /api/pipeline/history 204 0s
2026/03/17 16:38:45 OPTIONS /api/monitor/progress 204 0s
2026/03/17 16:38:45 OPTIONS /api/pipeline/status 204 0s
2026/03/17 16:38:45 OPTIONS /api/backtest/trades 204 0s
2026/03/17 16:38:45 OPTIONS /api/backtest/metrics 204 0s
2026/03/17 16:38:45 OPTIONS /api/backtest/equity 204 0s
2026/03/17 16:38:45 GET /api/health 200 0s
2026/03/17 16:38:45 OPTIONS /api/backtest/risk-events 204 0s
2026/03/17 16:38:45 GET /api/pipeline/history 200 0s
2026/03/17 16:38:45 GET /api/monitor/progress 200 0s
2026/03/17 16:38:45 GET /api/backtest/trades 200 0s
2026/03/17 16:38:45 GET /api/backtest/metrics 200 507µs
2026/03/17 16:38:45 GET /api/backtest/equity 200 598.9µs
2026/03/17 16:38:45 GET /api/backtest/risk-events 200 0s
2026/03/17 16:38:45 GET /api/pipeline/status 200 0s
2026/03/17 16:38:45 OPTIONS /api/monitor/gates 204 0s
2026/03/17 16:38:45 OPTIONS /api/monitor/metrics/all 204 0s
2026/03/17 16:38:45 OPTIONS /api/signals/stats 204 0s
2026/03/17 16:38:45 GET /api/monitor/metrics/all 200 0s
2026/03/17 16:38:45 GET /api/monitor/gates 200 539.2µs
2026/03/17 16:38:45 OPTIONS /api/signals/recent 204 0s
2026/03/17 16:38:45 GET /api/signals/stats 200 0s
2026/03/17 16:38:45 GET /api/health 200 0s
2026/03/17 16:38:45 GET /api/pipeline/status 200 0s
2026/03/17 16:38:45 GET /api/signals/recent 200 0s
2026/03/17 16:38:45 GET /api/monitor/progress 200 0s
2026/03/17 16:38:45 GET /api/backtest/metrics 200 994.1µs
2026/03/17 16:38:45 GET /api/pipeline/history 200 0s
2026/03/17 16:38:45 GET /api/backtest/risk-events 200 798.7µs
2026/03/17 16:38:45 GET /api/monitor/gates 200 798.7µs
2026/03/17 16:38:45 GET /api/backtest/equity 200 798.7µs
2026/03/17 16:38:45 GET /api/backtest/trades 200 798.7µs
2026/03/17 16:38:45 GET /api/monitor/metrics/all 200 559.2µs
2026/03/17 16:38:45 GET /api/signals/stats 200 558.7µs
2026/03/17 16:38:45 GET /api/signals/recent 200 0s
2026/03/17 16:38:47 GET /api/pipeline/status 200 0s
2026/03/17 16:38:47 GET /api/monitor/progress 200 1.4666ms
2026/03/17 16:38:47 OPTIONS /api/pipeline/start 204 0s
2026/03/17 16:38:47 POST /api/pipeline/start 202 0s
2026/03/17 16:38:47 GET /api/pipeline/status 200 550.8µs
2026/03/17 16:38:47 GET /api/monitor/progress 200 0s
2026/03/17 16:38:47 GET /api/pipeline/history 200 0s
2026/03/17 16:38:48 GET /api/pipeline/history 200 0s
2026/03/17 16:38:49 GET /api/pipeline/status 200 0s
2026/03/17 16:38:49 GET /api/monitor/progress 200 0s
2026/03/17 16:38:50 GET /api/health 200 0s
2026/03/17 16:38:50 GET /api/backtest/metrics 200 0s
2026/03/17 16:38:50 GET /api/backtest/equity 200 0s
2026/03/17 16:38:50 GET /api/backtest/trades 200 0s
2026/03/17 16:38:50 GET /api/backtest/risk-events 200 0s
2026/03/17 16:38:50 GET /api/monitor/gates 200 0s
2026/03/17 16:38:50 GET /api/monitor/metrics/all 200 607.5µs
2026/03/17 16:38:50 GET /api/signals/stats 200 0s
2026/03/17 16:38:50 GET /api/signals/recent 200 0s
2026/03/17 16:38:51 GET /api/pipeline/status 200 0s
2026/03/17 16:38:51 GET /api/pipeline/history 200 0s
2026/03/17 16:38:51 GET /api/monitor/progress 200 0s
2026/03/17 16:38:52 POST /api/pipeline/start 202 0s
2026/03/17 16:38:52 GET /api/pipeline/status 200 940.3µs
2026/03/17 16:38:52 GET /api/pipeline/history 200 0s
2026/03/17 16:38:52 GET /api/monitor/progress 200 510.3µs
2026/03/17 16:38:53 GET /api/pipeline/status 200 0s
2026/03/17 16:38:53 GET /api/monitor/progress 200 0s
2026/03/17 16:38:54 GET /api/pipeline/history 200 647.2µs
2026/03/17 16:38:54 GET /api/health 200 0s
2026/03/17 16:38:54 GET /api/pipeline/status 200 0s
2026/03/17 16:38:54 GET /api/monitor/progress 200 0s
2026/03/17 16:38:54 GET /api/pipeline/history 200 0s
2026/03/17 16:38:54 GET /api/backtest/equity 200 0s
2026/03/17 16:38:54 GET /api/backtest/metrics 200 0s
2026/03/17 16:38:54 GET /api/backtest/trades 200 0s
2026/03/17 16:38:54 GET /api/backtest/risk-events 200 629.7µs
2026/03/17 16:38:54 GET /api/monitor/gates 200 0s
2026/03/17 16:38:54 GET /api/monitor/metrics/all 200 0s
2026/03/17 16:38:54 GET /api/signals/stats 200 0s
2026/03/17 16:38:54 GET /api/health 200 0s
2026/03/17 16:38:54 GET /api/signals/recent 200 0s
2026/03/17 16:38:54 GET /api/pipeline/status 200 0s
2026/03/17 16:38:54 GET /api/monitor/progress 200 0s
2026/03/17 16:38:54 GET /api/pipeline/history 200 0s
2026/03/17 16:38:54 GET /api/backtest/metrics 200 0s
2026/03/17 16:38:54 GET /api/backtest/equity 200 512.8µs
2026/03/17 16:38:54 GET /api/backtest/trades 200 0s
2026/03/17 16:38:54 GET /api/backtest/risk-events 200 670.9µs
2026/03/17 16:38:54 GET /api/monitor/gates 200 0s
2026/03/17 16:38:54 GET /api/monitor/metrics/all 200 0s
2026/03/17 16:38:54 GET /api/signals/stats 200 0s
2026/03/17 16:38:54 GET /api/signals/recent 200 0s
2026/03/17 16:38:56 GET /api/pipeline/status 200 0s
2026/03/17 16:38:56 GET /api/monitor/progress 200 0s
2026/03/17 16:38:57 GET /api/pipeline/status 200 0s
2026/03/17 16:38:57 GET /api/monitor/progress 200 630.1µs
2026/03/17 16:38:57 GET /api/pipeline/history 200 897.7µs
2026/03/17 16:38:57 GET /api/health 200 0s
2026/03/17 16:38:57 GET /api/backtest/metrics 200 0s
2026/03/17 16:38:57 GET /api/backtest/equity 200 0s
2026/03/17 16:38:57 GET /api/backtest/risk-events 200 0s
2026/03/17 16:38:57 GET /api/backtest/trades 200 0s
2026/03/17 16:38:57 GET /api/monitor/gates 200 0s
2026/03/17 16:38:57 GET /api/signals/stats 200 0s
2026/03/17 16:38:57 GET /api/signals/recent 200 608.3µs
2026/03/17 16:38:57 GET /api/monitor/metrics/xgb_fold 200 961.6µs
2026/03/17 16:38:57 GET /api/pipeline/history 200 0s
2026/03/17 16:38:57 POST /api/pipeline/start 202 0s
2026/03/17 16:38:57 GET /api/pipeline/status 200 0s
2026/03/17 16:38:57 GET /api/monitor/progress 200 0s
2026/03/17 16:38:57 GET /api/pipeline/history 200 548.8µs
2026/03/17 16:38:58 GET /api/pipeline/status 200 0s
2026/03/17 16:38:58 GET /api/monitor/progress 200 0s
2026/03/17 16:38:59 GET /api/health 200 0s
2026/03/17 16:38:59 GET /api/backtest/metrics 200 0s
2026/03/17 16:38:59 GET /api/backtest/equity 200 0s
2026/03/17 16:38:59 GET /api/backtest/trades 200 0s
2026/03/17 16:38:59 GET /api/backtest/risk-events 200 0s
2026/03/17 16:38:59 GET /api/monitor/gates 200 0s
2026/03/17 16:38:59 GET /api/monitor/metrics/all 200 0s
2026/03/17 16:38:59 GET /api/signals/recent 200 0s
2026/03/17 16:38:59 GET /api/signals/stats 200 509.5µs
2026/03/17 16:39:00 GET /api/pipeline/status 200 0s
2026/03/17 16:39:00 GET /api/monitor/progress 200 0s
2026/03/17 16:39:00 GET /api/pipeline/history 200 511.4µs
2026/03/17 16:39:02 GET /api/pipeline/status 200 0s
2026/03/17 16:39:02 GET /api/monitor/progress 200 0s
2026/03/17 16:39:03 GET /api/pipeline/history 200 0s
2026/03/17 16:39:04 GET /api/health 200 0s
2026/03/17 16:39:04 GET /api/pipeline/status 200 0s
2026/03/17 16:39:04 GET /api/monitor/progress 200 587.2µs
2026/03/17 16:39:04 GET /api/backtest/equity 200 510.9µs
2026/03/17 16:39:04 GET /api/backtest/metrics 200 510.9µs
2026/03/17 16:39:04 GET /api/backtest/trades 200 510.9µs
2026/03/17 16:39:04 GET /api/backtest/risk-events 200 509.6µs
2026/03/17 16:39:04 GET /api/monitor/gates 200 509.6µs
2026/03/17 16:39:04 GET /api/monitor/metrics/all 200 509.6µs
2026/03/17 16:39:04 GET /api/signals/recent 200 0s
2026/03/17 16:39:04 GET /api/signals/stats 200 0s
2026/03/17 16:39:06 GET /api/pipeline/status 200 0s
2026/03/17 16:39:06 GET /api/monitor/progress 200 574.5µs
2026/03/17 16:39:06 GET /api/pipeline/history 200 0s
2026/03/17 16:39:08 GET /api/pipeline/status 200 0s
2026/03/17 16:39:08 GET /api/monitor/progress 200 0s
2026/03/17 16:39:09 GET /api/health 200 0s
2026/03/17 16:39:09 GET /api/pipeline/history 200 0s
2026/03/17 16:39:09 GET /api/backtest/metrics 200 0s
2026/03/17 16:39:09 GET /api/backtest/equity 200 582.7µs
2026/03/17 16:39:09 GET /api/backtest/trades 200 582.7µs
2026/03/17 16:39:09 GET /api/backtest/risk-events 200 0s
2026/03/17 16:39:09 GET /api/monitor/metrics/all 200 0s
2026/03/17 16:39:09 GET /api/monitor/gates 200 960.1µs
2026/03/17 16:39:09 GET /api/signals/stats 200 542.2µs
2026/03/17 16:39:09 GET /api/signals/recent 200 0s
2026/03/17 16:39:10 GET /api/pipeline/status 200 0s
2026/03/17 16:39:10 GET /api/monitor/progress 200 509.5µs
2026/03/17 16:39:12 GET /api/pipeline/status 200 0s
2026/03/17 16:39:12 GET /api/pipeline/history 200 0s
2026/03/17 16:39:12 GET /api/monitor/progress 200 601.4µs
2026/03/17 16:39:14 GET /api/health 200 315.9µs
2026/03/17 16:39:14 GET /api/pipeline/status 200 0s
2026/03/17 16:39:14 GET /api/backtest/metrics 200 639.7µs
2026/03/17 16:39:14 GET /api/monitor/progress 200 639.7µs
2026/03/17 16:39:14 GET /api/backtest/equity 200 0s
2026/03/17 16:39:14 GET /api/backtest/trades 200 0s
2026/03/17 16:39:14 GET /api/backtest/risk-events 200 0s
2026/03/17 16:39:14 GET /api/monitor/gates 200 0s
2026/03/17 16:39:14 GET /api/monitor/metrics/all 200 509.4µs
2026/03/17 16:39:14 GET /api/signals/stats 200 509.4µs
2026/03/17 16:39:14 GET /api/signals/recent 200 0s
2026/03/17 16:39:15 GET /api/pipeline/history 200 0s
2026/03/17 16:39:15 OPTIONS /api/monitor/metrics/data_load 204 0s
2026/03/17 16:39:15 GET /api/monitor/metrics/data_load 200 0s
2026/03/17 16:39:16 GET /api/pipeline/status 200 0s
2026/03/17 16:39:16 GET /api/monitor/progress 200 0s
2026/03/17 16:39:18 GET /api/pipeline/status 200 0s
2026/03/17 16:39:18 GET /api/monitor/progress 200 0s
2026/03/17 16:39:18 GET /api/pipeline/history 200 0s
2026/03/17 16:39:19 GET /api/health 200 0s
2026/03/17 16:39:19 GET /api/backtest/metrics 200 526.5µs
2026/03/17 16:39:19 GET /api/backtest/equity 200 0s
2026/03/17 16:39:19 GET /api/backtest/trades 200 647µs
2026/03/17 16:39:19 GET /api/backtest/risk-events 200 647µs
2026/03/17 16:39:19 GET /api/monitor/gates 200 1.2594ms
2026/03/17 16:39:19 GET /api/signals/stats 200 0s
2026/03/17 16:39:19 GET /api/signals/recent 200 0s
2026/03/17 16:39:20 GET /api/pipeline/status 200 0s
2026/03/17 16:39:20 GET /api/monitor/progress 200 0s
2026/03/17 16:39:20 GET /api/monitor/metrics/data_load 200 900.7µs
2026/03/17 16:39:21 GET /api/pipeline/history 200 0s
2026/03/17 16:39:22 GET /api/pipeline/status 200 0s
2026/03/17 16:39:22 GET /api/monitor/progress 200 709µs
2026/03/17 16:39:22 POST /api/pipeline/start 202 0s
2026/03/17 16:39:22 GET /api/pipeline/status 200 0s
2026/03/17 16:39:22 GET /api/monitor/progress 200 0s
2026/03/17 16:39:22 GET /api/pipeline/history 200 0s
2026/03/17 16:39:24 GET /api/health 200 0s
2026/03/17 16:39:24 GET /api/pipeline/status 200 0s
2026/03/17 16:39:24 GET /api/monitor/progress 200 0s
2026/03/17 16:39:24 GET /api/pipeline/history 200 0s
2026/03/17 16:39:24 GET /api/backtest/metrics 200 0s
2026/03/17 16:39:24 GET /api/backtest/equity 200 0s
2026/03/17 16:39:24 GET /api/backtest/trades 200 0s
2026/03/17 16:39:24 GET /api/backtest/risk-events 200 530.9µs
2026/03/17 16:39:24 GET /api/monitor/gates 200 0s
2026/03/17 16:39:24 GET /api/signals/stats 200 0s
2026/03/17 16:39:24 GET /api/signals/recent 200 508.6µs
2026/03/17 16:39:24 GET /api/monitor/metrics/data_load 200 0s
2026/03/17 16:39:25 GET /api/monitor/metrics/data_load 200 697.8µs
2026/03/17 16:39:26 GET /api/pipeline/status 200 0s
2026/03/17 16:39:26 GET /api/monitor/progress 200 0s
2026/03/17 16:39:26 POST /api/pipeline/start 409 848.8µs
2026/03/17 16:39:27 GET /api/pipeline/history 200 0s
2026/03/17 16:39:28 GET /api/pipeline/status 200 0s
2026/03/17 16:39:28 GET /api/monitor/progress 200 1.9928ms
2026/03/17 16:39:28 GET /api/monitor/metrics/all 200 511.9µs
2026/03/17 16:39:29 GET /api/health 200 0s
2026/03/17 16:39:29 GET /api/backtest/metrics 200 510.3µs
2026/03/17 16:39:29 GET /api/backtest/equity 200 704.3µs
2026/03/17 16:39:29 GET /api/backtest/trades 200 704.3µs
2026/03/17 16:39:29 GET /api/backtest/risk-events 200 0s
2026/03/17 16:39:29 GET /api/signals/recent 200 0s
2026/03/17 16:39:29 GET /api/signals/stats 200 0s
2026/03/17 16:39:29 GET /api/monitor/gates 200 508µs
2026/03/17 16:39:30 GET /api/pipeline/status 200 0s
2026/03/17 16:39:30 GET /api/monitor/progress 200 612.4µs
2026/03/17 16:39:30 GET /api/pipeline/history 200 0s
2026/03/17 16:39:32 GET /api/pipeline/status 200 0s
2026/03/17 16:39:32 GET /api/monitor/progress 200 0s
2026/03/17 16:39:33 GET /api/pipeline/history 200 0s
2026/03/17 16:39:33 GET /api/monitor/metrics/all 200 0s
2026/03/17 16:39:34 GET /api/monitor/metrics/all 200 0s
2026/03/17 16:39:34 GET /api/health 200 0s
2026/03/17 16:39:34 GET /api/pipeline/status 200 0s
2026/03/17 16:39:34 GET /api/monitor/progress 200 507.8µs
2026/03/17 16:39:34 GET /api/backtest/metrics 200 553.9µs
2026/03/17 16:39:34 GET /api/backtest/equity 200 553.9µs
2026/03/17 16:39:34 GET /api/backtest/trades 200 0s
2026/03/17 16:39:34 GET /api/backtest/risk-events 200 521.8µs
2026/03/17 16:39:34 GET /api/monitor/gates 200 0s
2026/03/17 16:39:34 GET /api/signals/recent 200 1.5199ms
2026/03/17 16:39:34 GET /api/signals/stats 200 1.5199ms
2026/03/17 16:39:36 GET /api/pipeline/status 200 0s
2026/03/17 16:39:36 GET /api/monitor/progress 200 510.9µs
2026/03/17 16:39:36 GET /api/pipeline/history 200 0s
2026/03/17 16:39:36 GET /api/monitor/metrics/all 200 0s
2026/03/17 16:39:38 GET /api/pipeline/status 200 0s
2026/03/17 16:39:38 GET /api/monitor/progress 200 1.1545ms
2026/03/17 16:39:38 GET /api/monitor/metrics/all 200 0s
2026/03/17 16:39:39 GET /api/pipeline/status 200 0s
2026/03/17 16:39:39 GET /api/pipeline/history 200 0s
2026/03/17 16:39:39 GET /api/monitor/progress 200 510.5µs
2026/03/17 16:39:39 GET /api/backtest/metrics 200 571.4µs
2026/03/17 16:39:39 GET /api/backtest/equity 200 0s
2026/03/17 16:39:39 GET /api/backtest/trades 200 0s
2026/03/17 16:39:39 GET /api/backtest/risk-events 200 0s
2026/03/17 16:39:39 GET /api/monitor/gates 200 508.1µs
2026/03/17 16:39:39 GET /api/monitor/metrics/all 200 508.1µs
2026/03/17 16:39:39 GET /api/signals/stats 200 537.8µs
2026/03/17 16:39:39 GET /api/signals/recent 200 0s
2026/03/17 16:39:39 GET /api/health 200 0s
2026/03/17 16:39:39 GET /api/pipeline/history 200 0s
2026/03/17 16:39:39 GET /api/backtest/metrics 200 0s
2026/03/17 16:39:39 GET /api/backtest/equity 200 0s
2026/03/17 16:39:39 GET /api/backtest/risk-events 200 616.1µs
2026/03/17 16:39:39 GET /api/backtest/trades 200 616.1µs
2026/03/17 16:39:39 GET /api/signals/stats 200 0s
2026/03/17 16:39:39 GET /api/monitor/gates 200 510.6µs
2026/03/17 16:39:39 GET /api/signals/recent 200 821.7µs
2026/03/17 16:39:40 GET /api/pipeline/status 200 0s
2026/03/17 16:39:40 GET /api/monitor/progress 200 0s
2026/03/17 16:39:42 GET /api/pipeline/status 200 0s
2026/03/17 16:39:42 GET /api/pipeline/history 200 0s
2026/03/17 16:39:42 GET /api/monitor/progress 200 0s
2026/03/17 16:39:43 GET /api/monitor/metrics/all 200 573.3µs
2026/03/17 16:39:44 GET /api/health 200 0s
2026/03/17 16:39:44 GET /api/pipeline/status 200 0s
2026/03/17 16:39:44 GET /api/monitor/progress 200 649.3µs
2026/03/17 16:39:44 GET /api/backtest/trades 200 0s
2026/03/17 16:39:44 GET /api/backtest/metrics 200 0s
2026/03/17 16:39:44 GET /api/backtest/equity 200 0s
2026/03/17 16:39:44 GET /api/backtest/risk-events 200 669.8µs
2026/03/17 16:39:44 GET /api/monitor/gates 200 669.8µs
2026/03/17 16:39:44 GET /api/signals/stats 200 527.9µs
2026/03/17 16:39:44 GET /api/signals/recent 200 527.9µs
2026/03/17 16:39:45 GET /api/pipeline/history 200 0s
2026/03/17 16:39:46 GET /api/pipeline/status 200 0s
2026/03/17 16:39:46 GET /api/monitor/progress 200 663.3µs
2026/03/17 16:39:48 GET /api/pipeline/status 200 0s
2026/03/17 16:39:48 GET /api/pipeline/history 200 506.7µs
2026/03/17 16:39:48 GET /api/monitor/progress 200 506.7µs
2026/03/17 16:39:48 GET /api/monitor/metrics/all 200 0s
2026/03/17 16:39:49 GET /api/health 200 577.5µs
2026/03/17 16:39:49 GET /api/backtest/metrics 200 1.3914ms
2026/03/17 16:39:49 GET /api/backtest/equity 200 587.2µs
2026/03/17 16:39:49 GET /api/backtest/trades 200 614.6µs
2026/03/17 16:39:49 GET /api/backtest/risk-events 200 0s
2026/03/17 16:39:49 GET /api/monitor/gates 200 586.9µs
2026/03/17 16:39:49 GET /api/signals/stats 200 586.9µs
2026/03/17 16:39:49 GET /api/signals/recent 200 0s
2026/03/17 16:39:50 GET /api/pipeline/status 200 0s
2026/03/17 16:39:50 GET /api/monitor/progress 200 615.1µs
2026/03/17 16:39:51 GET /api/pipeline/history 200 0s
2026/03/17 16:39:52 GET /api/pipeline/status 200 0s
2026/03/17 16:39:52 GET /api/monitor/progress 200 0s
2026/03/17 16:39:53 GET /api/monitor/metrics/all 200 0s
2026/03/17 16:39:54 GET /api/health 200 0s
2026/03/17 16:39:54 GET /api/pipeline/status 200 0s
2026/03/17 16:39:54 GET /api/monitor/progress 200 508.4µs
2026/03/17 16:39:54 GET /api/pipeline/history 200 543µs
2026/03/17 16:39:54 GET /api/backtest/metrics 200 0s
2026/03/17 16:39:54 GET /api/backtest/equity 200 0s
2026/03/17 16:39:54 GET /api/backtest/trades 200 0s
2026/03/17 16:39:54 GET /api/backtest/risk-events 200 0s
2026/03/17 16:39:54 GET /api/signals/stats 200 0s
2026/03/17 16:39:54 GET /api/monitor/gates 200 654.2µs
2026/03/17 16:39:54 GET /api/signals/recent 200 402.2µs
2026/03/17 16:39:56 GET /api/pipeline/status 200 0s
2026/03/17 16:39:56 GET /api/monitor/progress 200 530.1µs
2026/03/17 16:39:57 GET /api/pipeline/status 200 0s
2026/03/17 16:39:57 GET /api/pipeline/history 200 0s
2026/03/17 16:39:57 GET /api/monitor/progress 200 522.1µs
2026/03/17 16:39:57 GET /api/health 200 0s
2026/03/17 16:39:57 GET /api/backtest/metrics 200 507.3µs
2026/03/17 16:39:57 GET /api/backtest/equity 200 0s
2026/03/17 16:39:57 GET /api/backtest/trades 200 432.5µs
2026/03/17 16:39:57 GET /api/backtest/risk-events 200 0s
2026/03/17 16:39:57 GET /api/monitor/gates 200 576µs
2026/03/17 16:39:57 GET /api/signals/stats 200 0s
2026/03/17 16:39:57 GET /api/signals/recent 200 0s
2026/03/17 16:39:57 GET /api/monitor/metrics/xgb_fold 200 507.5µs
2026/03/17 16:39:57 GET /api/pipeline/history 200 0s
2026/03/17 16:39:58 GET /api/pipeline/status 200 0s
2026/03/17 16:39:58 GET /api/monitor/progress 200 0s
2026/03/17 16:39:58 GET /api/monitor/metrics/all 200 0s
2026/03/17 16:39:59 GET /api/health 200 0s
2026/03/17 16:39:59 GET /api/signals/stats 200 0s
2026/03/17 16:39:59 GET /api/monitor/gates 200 0s
2026/03/17 16:39:59 GET /api/backtest/trades 200 0s
2026/03/17 16:39:59 GET /api/backtest/equity 200 1.0008ms
2026/03/17 16:39:59 GET /api/backtest/metrics 200 0s
2026/03/17 16:39:59 GET /api/backtest/risk-events 200 4.0032ms
2026/03/17 16:39:59 GET /api/signals/recent 200 1.0014ms
2026/03/17 16:40:00 GET /api/pipeline/status 200 0s
2026/03/17 16:40:00 GET /api/pipeline/history 200 660.8µs
2026/03/17 16:40:00 GET /api/monitor/progress 200 1.3352ms
2026/03/17 16:40:02 GET /api/pipeline/status 200 0s
2026/03/17 16:40:02 GET /api/monitor/progress 200 0s
2026/03/17 16:40:03 GET /api/pipeline/history 200 0s
2026/03/17 16:40:03 GET /api/monitor/metrics/all 200 0s
2026/03/17 16:40:04 GET /api/health 200 0s
2026/03/17 16:40:04 GET /api/pipeline/status 200 0s
2026/03/17 16:40:04 GET /api/backtest/equity 200 561.2µs
2026/03/17 16:40:04 GET /api/backtest/metrics 200 561.2µs
2026/03/17 16:40:04 GET /api/monitor/progress 200 561.2µs
2026/03/17 16:40:04 GET /api/backtest/trades 200 0s
2026/03/17 16:40:04 GET /api/backtest/risk-events 200 0s
2026/03/17 16:40:04 GET /api/signals/stats 200 0s
2026/03/17 16:40:04 GET /api/signals/recent 200 785.5µs
2026/03/17 16:40:04 GET /api/monitor/gates 200 785.5µs
2026/03/17 16:40:06 GET /api/pipeline/status 200 0s
2026/03/17 16:40:06 GET /api/pipeline/history 200 0s
2026/03/17 16:40:06 GET /api/monitor/progress 200 507.3µs
2026/03/17 16:40:08 GET /api/pipeline/status 200 0s
2026/03/17 16:40:08 GET /api/monitor/progress 200 0s
2026/03/17 16:40:08 GET /api/monitor/metrics/all 200 2.5459ms
2026/03/17 16:40:09 GET /api/health 200 0s
2026/03/17 16:40:09 GET /api/pipeline/history 200 0s
2026/03/17 16:40:09 GET /api/backtest/metrics 200 0s
2026/03/17 16:40:09 GET /api/backtest/equity 200 0s
2026/03/17 16:40:09 GET /api/backtest/trades 200 0s
2026/03/17 16:40:09 GET /api/backtest/risk-events 200 0s
2026/03/17 16:40:09 GET /api/signals/stats 200 0s
2026/03/17 16:40:09 GET /api/monitor/gates 200 0s
2026/03/17 16:40:09 GET /api/signals/recent 200 0s
2026/03/17 16:40:10 GET /api/pipeline/status 200 0s
2026/03/17 16:40:10 GET /api/monitor/progress 200 606.7µs
2026/03/17 16:40:12 GET /api/pipeline/status 200 0s
2026/03/17 16:40:12 GET /api/pipeline/history 200 0s
2026/03/17 16:40:12 GET /api/monitor/progress 200 0s
2026/03/17 16:40:13 GET /api/monitor/metrics/all 200 331.6µs
2026/03/17 16:40:14 GET /api/health 200 0s
2026/03/17 16:40:14 GET /api/pipeline/status 200 0s
2026/03/17 16:40:14 GET /api/backtest/metrics 200 0s
2026/03/17 16:40:14 GET /api/monitor/progress 200 1.0404ms
2026/03/17 16:40:14 GET /api/backtest/equity 200 530.1µs
2026/03/17 16:40:14 GET /api/backtest/trades 200 530.1µs
2026/03/17 16:40:14 GET /api/backtest/risk-events 200 0s
2026/03/17 16:40:14 GET /api/signals/stats 200 620.8µs
2026/03/17 16:40:14 GET /api/signals/recent 200 620.8µs
2026/03/17 16:40:14 GET /api/monitor/gates 200 620.8µs
2026/03/17 16:40:15 GET /api/pipeline/history 200 0s
2026/03/17 16:40:16 GET /api/pipeline/status 200 404.4µs
2026/03/17 16:40:16 GET /api/monitor/progress 200 0s
2026/03/17 16:40:19 GET /api/pipeline/status 200 0s
2026/03/17 16:40:19 GET /api/pipeline/history 200 511.4µs
2026/03/17 16:40:19 GET /api/monitor/progress 200 1.126ms
2026/03/17 16:40:19 GET /api/monitor/metrics/all 200 614.6µs
2026/03/17 16:40:20 GET /api/health 200 532.1µs
2026/03/17 16:40:20 GET /api/backtest/metrics 200 0s
2026/03/17 16:40:20 GET /api/backtest/equity 200 0s
2026/03/17 16:40:20 GET /api/backtest/trades 200 0s
2026/03/17 16:40:20 GET /api/backtest/risk-events 200 0s
2026/03/17 16:40:20 GET /api/monitor/gates 200 570.8µs
2026/03/17 16:40:20 GET /api/signals/stats 200 727µs
2026/03/17 16:40:20 GET /api/signals/recent 200 0s
2026/03/17 16:40:21 GET /api/pipeline/status 200 792.4µs
2026/03/17 16:40:21 GET /api/monitor/progress 200 513.8µs
2026/03/17 16:40:22 GET /api/pipeline/history 200 0s
2026/03/17 16:40:23 GET /api/pipeline/status 200 723.7µs
2026/03/17 16:40:23 GET /api/monitor/progress 200 0s
2026/03/17 16:40:24 GET /api/monitor/metrics/all 200 0s
2026/03/17 16:40:25 GET /api/health 200 0s
2026/03/17 16:40:25 GET /api/pipeline/status 200 0s
2026/03/17 16:40:25 GET /api/pipeline/history 200 0s
2026/03/17 16:40:25 GET /api/monitor/progress 200 508µs
2026/03/17 16:40:25 GET /api/backtest/metrics 200 0s
2026/03/17 16:40:25 GET /api/backtest/equity 200 0s
2026/03/17 16:40:25 GET /api/backtest/trades 200 0s
2026/03/17 16:40:25 GET /api/backtest/risk-events 200 939.6µs
2026/03/17 16:40:25 GET /api/monitor/gates 200 0s
2026/03/17 16:40:25 GET /api/signals/stats 200 505.6µs
2026/03/17 16:40:25 GET /api/signals/recent 200 0s
2026/03/17 16:40:27 GET /api/pipeline/status 200 0s
2026/03/17 16:40:27 GET /api/monitor/progress 200 515.2µs
2026/03/17 16:40:28 GET /api/pipeline/history 200 0s
2026/03/17 16:40:29 GET /api/pipeline/status 200 0s
2026/03/17 16:40:29 GET /api/monitor/progress 200 508.4µs
2026/03/17 16:40:29 GET /api/monitor/metrics/all 200 508.4µs
2026/03/17 16:40:30 GET /api/health 200 0s
2026/03/17 16:40:30 GET /api/backtest/metrics 200 538.6µs
2026/03/17 16:40:30 GET /api/backtest/equity 200 0s
2026/03/17 16:40:30 GET /api/backtest/trades 200 581µs
2026/03/17 16:40:30 GET /api/backtest/risk-events 200 578.3µs
2026/03/17 16:40:30 GET /api/signals/stats 200 510.1µs
2026/03/17 16:40:30 GET /api/monitor/gates 200 933.9µs
2026/03/17 16:40:30 GET /api/signals/recent 200 518.1µs
2026/03/17 16:40:31 GET /api/pipeline/history 200 0s
2026/03/17 16:40:31 GET /api/monitor/progress 200 0s
2026/03/17 16:40:31 GET /api/pipeline/status 200 0s
2026/03/17 16:40:32 GET /api/pipeline/status 200 0s
2026/03/17 16:40:32 GET /api/monitor/progress 200 509.8µs
2026/03/17 16:40:33 GET /api/pipeline/history 200 0s
2026/03/17 16:40:33 GET /api/monitor/metrics/all 200 0s
2026/03/17 16:40:34 GET /api/health 200 0s
2026/03/17 16:40:34 GET /api/pipeline/status 200 0s
2026/03/17 16:40:34 GET /api/monitor/progress 200 605.8µs
2026/03/17 16:40:34 GET /api/backtest/metrics 200 0s
2026/03/17 16:40:34 GET /api/backtest/equity 200 0s
2026/03/17 16:40:34 GET /api/backtest/trades 200 536.5µs
2026/03/17 16:40:34 GET /api/backtest/risk-events 200 0s
2026/03/17 16:40:34 GET /api/monitor/gates 200 0s
2026/03/17 16:40:34 GET /api/signals/stats 200 0s
2026/03/17 16:40:34 GET /api/signals/recent 200 675µs
2026/03/17 16:40:36 GET /api/pipeline/status 200 0s
2026/03/17 16:40:36 GET /api/pipeline/history 200 0s
2026/03/17 16:40:36 GET /api/monitor/progress 200 748.7µs
2026/03/17 16:40:38 GET /api/pipeline/status 200 0s
2026/03/17 16:40:38 GET /api/monitor/progress 200 518.8µs
2026/03/17 16:40:38 GET /api/monitor/metrics/all 200 576.6µs
2026/03/17 16:40:39 GET /api/health 200 0s
2026/03/17 16:40:39 GET /api/pipeline/status 200 0s
2026/03/17 16:40:39 GET /api/backtest/trades 200 4.6767ms
2026/03/17 16:40:39 GET /api/pipeline/history 200 0s
2026/03/17 16:40:39 GET /api/monitor/progress 200 878.2µs
2026/03/17 16:40:39 GET /api/backtest/metrics 200 515.6µs
2026/03/17 16:40:39 GET /api/backtest/equity 200 0s
2026/03/17 16:40:39 GET /api/backtest/risk-events 200 2.6887ms
2026/03/17 16:40:39 GET /api/monitor/gates 200 1.1688ms
2026/03/17 16:40:39 GET /api/monitor/metrics/all 200 0s
2026/03/17 16:40:39 GET /api/signals/stats 200 0s
2026/03/17 16:40:39 GET /api/signals/recent 200 593.2µs
2026/03/17 16:40:39 GET /api/health 200 0s
2026/03/17 16:40:39 GET /api/pipeline/status 200 0s
2026/03/17 16:40:39 GET /api/backtest/trades 200 453µs
2026/03/17 16:40:39 GET /api/pipeline/history 200 0s
2026/03/17 16:40:39 GET /api/monitor/progress 200 0s
2026/03/17 16:40:39 GET /api/backtest/metrics 200 0s
2026/03/17 16:40:39 GET /api/backtest/risk-events 200 718.4µs
2026/03/17 16:40:39 GET /api/monitor/gates 200 718.4µs
2026/03/17 16:40:39 GET /api/backtest/equity 200 0s
2026/03/17 16:40:39 GET /api/monitor/metrics/all 200 0s
2026/03/17 16:40:39 GET /api/signals/stats 200 534.4µs
2026/03/17 16:40:39 GET /api/signals/recent 200 521.4µs
2026/03/17 16:40:41 GET /api/pipeline/status 200 0s
2026/03/17 16:40:41 GET /api/monitor/progress 200 508µs
2026/03/17 16:40:42 GET /api/pipeline/history 200 0s
2026/03/17 16:40:42 POST /api/pipeline/start 202 338.1µs
2026/03/17 16:40:42 GET /api/pipeline/status 200 0s
2026/03/17 16:40:42 GET /api/monitor/progress 200 0s
2026/03/17 16:40:42 GET /api/pipeline/history 200 1.0132ms
2026/03/17 16:40:43 GET /api/pipeline/status 200 0s
2026/03/17 16:40:43 GET /api/monitor/progress 200 0s
2026/03/17 16:40:44 GET /api/health 200 0s
2026/03/17 16:40:44 GET /api/backtest/metrics 200 363.9µs
2026/03/17 16:40:44 GET /api/backtest/equity 200 0s
2026/03/17 16:40:44 GET /api/backtest/trades 200 0s
2026/03/17 16:40:44 GET /api/backtest/risk-events 200 830.7µs
2026/03/17 16:40:44 GET /api/monitor/gates 200 0s
2026/03/17 16:40:44 GET /api/monitor/metrics/all 200 0s
2026/03/17 16:40:44 GET /api/signals/stats 200 0s
2026/03/17 16:40:44 GET /api/signals/recent 200 0s
2026/03/17 16:40:45 GET /api/pipeline/status 200 0s
2026/03/17 16:40:45 GET /api/pipeline/history 200 0s
2026/03/17 16:40:45 GET /api/monitor/progress 200 0s
2026/03/17 16:40:47 GET /api/pipeline/status 200 0s
2026/03/17 16:40:47 GET /api/monitor/progress 200 1.1558ms
2026/03/17 16:40:48 GET /api/pipeline/history 200 934.3µs
2026/03/17 16:40:49 GET /api/health 200 0s
2026/03/17 16:40:49 GET /api/pipeline/status 200 0s
2026/03/17 16:40:49 GET /api/monitor/progress 200 540.5µs
2026/03/17 16:40:49 GET /api/backtest/metrics 200 0s
2026/03/17 16:40:49 GET /api/backtest/equity 200 0s
2026/03/17 16:40:49 GET /api/backtest/trades 200 0s
2026/03/17 16:40:49 GET /api/backtest/risk-events 200 0s
2026/03/17 16:40:49 GET /api/monitor/gates 200 0s
2026/03/17 16:40:49 GET /api/monitor/metrics/all 200 545.4µs
2026/03/17 16:40:49 GET /api/signals/stats 200 558.2µs
2026/03/17 16:40:49 GET /api/signals/recent 200 537.6µs
2026/03/17 16:40:51 GET /api/pipeline/status 200 0s
2026/03/17 16:40:51 GET /api/pipeline/history 200 0s
2026/03/17 16:40:51 GET /api/monitor/progress 200 587.5µs
2026/03/17 16:40:53 GET /api/pipeline/status 200 0s
2026/03/17 16:40:53 GET /api/monitor/progress 200 0s
2026/03/17 16:40:54 GET /api/health 200 0s
2026/03/17 16:40:54 GET /api/pipeline/history 200 0s
2026/03/17 16:40:54 GET /api/backtest/metrics 200 610.5µs
2026/03/17 16:40:54 GET /api/backtest/equity 200 0s
2026/03/17 16:40:54 GET /api/backtest/trades 200 0s
2026/03/17 16:40:54 GET /api/backtest/risk-events 200 595.4µs
2026/03/17 16:40:54 GET /api/monitor/gates 200 0s
2026/03/17 16:40:54 GET /api/monitor/metrics/all 200 0s
2026/03/17 16:40:54 GET /api/signals/stats 200 601µs
2026/03/17 16:40:54 GET /api/signals/recent 200 550.1µs
2026/03/17 16:40:55 GET /api/pipeline/status 200 0s
2026/03/17 16:40:55 GET /api/monitor/progress 200 2.1063ms
2026/03/17 16:40:57 GET /api/pipeline/status 200 0s
2026/03/17 16:40:57 GET /api/monitor/progress 200 1.3628ms
2026/03/17 16:40:57 GET /api/pipeline/history 200 636µs
2026/03/17 16:40:57 GET /api/pipeline/status 200 0s
2026/03/17 16:40:57 GET /api/pipeline/history 200 0s
2026/03/17 16:40:57 GET /api/health 200 0s
2026/03/17 16:40:57 GET /api/monitor/progress 200 0s
2026/03/17 16:40:57 GET /api/backtest/metrics 200 533.8µs
2026/03/17 16:40:57 GET /api/backtest/equity 200 0s
2026/03/17 16:40:57 GET /api/backtest/trades 200 543.5µs
2026/03/17 16:40:57 GET /api/backtest/risk-events 200 0s
2026/03/17 16:40:57 GET /api/signals/stats 200 0s
2026/03/17 16:40:57 GET /api/monitor/gates 200 579.3µs
2026/03/17 16:40:57 GET /api/signals/recent 200 0s
2026/03/17 16:40:57 GET /api/monitor/metrics/xgb_fold 200 0s
2026/03/17 16:40:59 GET /api/health 200 0s
2026/03/17 16:40:59 GET /api/pipeline/status 200 0s
2026/03/17 16:40:59 GET /api/monitor/progress 200 665.4µs
2026/03/17 16:40:59 GET /api/backtest/metrics 200 0s
2026/03/17 16:40:59 GET /api/backtest/equity 200 0s
2026/03/17 16:40:59 GET /api/backtest/trades 200 666.1µs
2026/03/17 16:40:59 GET /api/backtest/risk-events 200 641.5µs
2026/03/17 16:40:59 GET /api/monitor/gates 200 641.5µs
2026/03/17 16:40:59 GET /api/monitor/metrics/all 200 586.1µs
2026/03/17 16:40:59 GET /api/signals/stats 200 667.5µs
2026/03/17 16:40:59 GET /api/signals/recent 200 513.8µs
2026/03/17 16:41:00 GET /api/pipeline/history 200 0s
2026/03/17 16:41:01 GET /api/pipeline/status 200 0s
2026/03/17 16:41:01 GET /api/monitor/progress 200 1.2019ms
2026/03/17 16:41:03 GET /api/pipeline/status 200 0s
2026/03/17 16:41:03 GET /api/monitor/progress 200 512.3µs
2026/03/17 16:41:03 GET /api/pipeline/history 200 0s
2026/03/17 16:41:04 GET /api/health 200 616.1µs
2026/03/17 16:41:04 GET /api/backtest/metrics 200 0s
2026/03/17 16:41:04 GET /api/backtest/equity 200 0s
2026/03/17 16:41:04 GET /api/backtest/trades 200 508.9µs
2026/03/17 16:41:04 GET /api/backtest/risk-events 200 0s
2026/03/17 16:41:04 GET /api/monitor/gates 200 999.6µs
2026/03/17 16:41:04 GET /api/monitor/metrics/all 200 511.8µs
2026/03/17 16:41:04 GET /api/signals/stats 200 0s
2026/03/17 16:41:04 GET /api/signals/recent 200 0s
2026/03/17 16:41:05 GET /api/pipeline/status 200 0s
2026/03/17 16:41:05 GET /api/monitor/progress 200 1.1562ms
2026/03/17 16:41:06 GET /api/pipeline/history 200 0s
2026/03/17 16:41:06 POST /api/pipeline/start 202 0s
2026/03/17 16:41:06 GET /api/pipeline/status 200 0s
2026/03/17 16:41:06 GET /api/monitor/progress 200 0s
2026/03/17 16:41:06 GET /api/pipeline/history 200 0s
2026/03/17 16:41:07 GET /api/pipeline/status 200 0s
2026/03/17 16:41:07 GET /api/monitor/progress 200 0s
2026/03/17 16:41:07 GET /api/pipeline/status 200 0s
2026/03/17 16:41:07 GET /api/monitor/progress 200 0s
2026/03/17 16:41:07 GET /api/pipeline/history 200 0s
2026/03/17 16:41:07 GET /api/backtest/metrics 200 0s
2026/03/17 16:41:07 GET /api/backtest/equity 200 0s
2026/03/17 16:41:07 GET /api/backtest/trades 200 0s
2026/03/17 16:41:07 GET /api/monitor/gates 200 0s
2026/03/17 16:41:07 GET /api/backtest/risk-events 200 0s
2026/03/17 16:41:07 GET /api/monitor/metrics/all 200 0s
2026/03/17 16:41:07 GET /api/signals/stats 200 0s
2026/03/17 16:41:07 GET /api/signals/recent 200 0s
2026/03/17 16:41:08 GET /api/monitor/metrics/all 200 0s
2026/03/17 16:41:09 GET /api/health 200 0s
2026/03/17 16:41:09 GET /api/pipeline/status 200 0s
2026/03/17 16:41:09 GET /api/monitor/progress 200 0s
2026/03/17 16:41:09 GET /api/pipeline/history 200 589.9µs
2026/03/17 16:41:09 GET /api/backtest/metrics 200 0s
2026/03/17 16:41:09 GET /api/backtest/equity 200 0s
2026/03/17 16:41:09 GET /api/backtest/trades 200 0s
2026/03/17 16:41:09 GET /api/backtest/risk-events 200 0s
2026/03/17 16:41:09 GET /api/monitor/gates 200 0s
2026/03/17 16:41:09 GET /api/monitor/metrics/all 200 0s
2026/03/17 16:41:09 GET /api/signals/stats 200 0s
2026/03/17 16:41:09 GET /api/signals/recent 200 0s
2026/03/17 16:41:09 POST /api/pipeline/start 409 0s
2026/03/17 16:41:11 GET /api/pipeline/status 200 665.3µs
2026/03/17 16:41:11 GET /api/monitor/progress 200 0s
2026/03/17 16:41:12 GET /api/pipeline/history 200 0s
2026/03/17 16:41:13 GET /api/pipeline/status 200 0s
2026/03/17 16:41:13 GET /api/monitor/progress 200 1.3421ms
2026/03/17 16:41:14 GET /api/health 200 0s
2026/03/17 16:41:14 GET /api/backtest/metrics 200 0s
2026/03/17 16:41:14 GET /api/backtest/equity 200 0s
2026/03/17 16:41:14 GET /api/backtest/trades 200 350.9µs
2026/03/17 16:41:14 GET /api/backtest/risk-events 200 0s
2026/03/17 16:41:14 GET /api/monitor/gates 200 536.4µs
2026/03/17 16:41:14 GET /api/monitor/metrics/all 200 0s
2026/03/17 16:41:14 GET /api/signals/stats 200 1.0035ms
2026/03/17 16:41:14 GET /api/signals/recent 200 0s
2026/03/17 16:41:15 GET /api/pipeline/status 200 0s
2026/03/17 16:41:15 GET /api/pipeline/history 200 744.7µs
2026/03/17 16:41:15 GET /api/monitor/progress 200 1.2616ms
2026/03/17 16:41:17 GET /api/pipeline/status 200 0s
2026/03/17 16:41:17 GET /api/monitor/progress 200 0s
2026/03/17 16:41:18 GET /api/pipeline/history 200 0s
2026/03/17 16:41:19 GET /api/health 200 0s
2026/03/17 16:41:19 GET /api/pipeline/status 200 0s
2026/03/17 16:41:19 GET /api/monitor/progress 200 626.9µs
2026/03/17 16:41:19 GET /api/backtest/metrics 200 0s
2026/03/17 16:41:19 GET /api/backtest/equity 200 0s
2026/03/17 16:41:19 GET /api/backtest/trades 200 0s
2026/03/17 16:41:19 GET /api/backtest/risk-events 200 0s
2026/03/17 16:41:19 GET /api/monitor/gates 200 539.8µs
2026/03/17 16:41:19 GET /api/monitor/metrics/all 200 529.8µs
2026/03/17 16:41:19 GET /api/signals/stats 200 509.2µs
2026/03/17 16:41:19 GET /api/signals/recent 200 1.1779ms
2026/03/17 16:41:21 GET /api/pipeline/status 200 0s
2026/03/17 16:41:21 GET /api/pipeline/history 200 0s
2026/03/17 16:41:21 GET /api/monitor/progress 200 508.9µs
2026/03/17 16:41:23 GET /api/pipeline/status 200 572.8µs
2026/03/17 16:41:23 GET /api/monitor/progress 200 0s
2026/03/17 16:41:24 GET /api/health 200 0s
2026/03/17 16:41:24 GET /api/pipeline/history 200 0s
2026/03/17 16:41:24 GET /api/backtest/metrics 200 0s
2026/03/17 16:41:24 GET /api/backtest/equity 200 0s
2026/03/17 16:41:24 GET /api/backtest/trades 200 0s
2026/03/17 16:41:24 GET /api/backtest/risk-events 200 721.6µs
2026/03/17 16:41:24 GET /api/monitor/gates 200 1.1215ms
2026/03/17 16:41:24 GET /api/monitor/metrics/all 200 509.6µs
2026/03/17 16:41:24 GET /api/signals/stats 200 0s
2026/03/17 16:41:24 GET /api/signals/recent 200 601µs
2026/03/17 16:41:25 GET /api/pipeline/status 200 0s
2026/03/17 16:41:25 GET /api/monitor/progress 200 0s
2026/03/17 16:41:27 GET /api/pipeline/status 200 0s
2026/03/17 16:41:27 GET /api/pipeline/history 200 510.4µs
2026/03/17 16:41:27 GET /api/monitor/progress 200 510.4µs
2026/03/17 16:41:29 GET /api/health 200 0s
2026/03/17 16:41:29 GET /api/pipeline/status 200 0s
2026/03/17 16:41:29 GET /api/monitor/progress 200 540.3µs
2026/03/17 16:41:29 GET /api/backtest/metrics 200 511.2µs
2026/03/17 16:41:29 GET /api/backtest/equity 200 511.2µs
2026/03/17 16:41:29 GET /api/backtest/trades 200 482.2µs
2026/03/17 16:41:29 GET /api/backtest/risk-events 200 511.2µs
2026/03/17 16:41:29 GET /api/monitor/gates 200 544.9µs
2026/03/17 16:41:29 GET /api/monitor/metrics/all 200 529.6µs
2026/03/17 16:41:29 GET /api/signals/stats 200 506.5µs
2026/03/17 16:41:29 GET /api/signals/recent 200 0s
2026/03/17 16:41:30 GET /api/pipeline/history 200 0s
2026/03/17 16:41:31 GET /api/pipeline/status 200 997.7µs
2026/03/17 16:41:31 GET /api/monitor/progress 200 1.8966ms
2026/03/17 16:41:33 GET /api/pipeline/status 200 0s
2026/03/17 16:41:33 GET /api/monitor/progress 200 0s
2026/03/17 16:41:33 GET /api/pipeline/history 200 0s
2026/03/17 16:41:34 GET /api/health 200 0s
2026/03/17 16:41:34 GET /api/backtest/metrics 200 0s
2026/03/17 16:41:34 GET /api/backtest/equity 200 0s
2026/03/17 16:41:34 GET /api/backtest/trades 200 0s
2026/03/17 16:41:34 GET /api/backtest/risk-events 200 548.6µs
2026/03/17 16:41:34 GET /api/monitor/gates 200 0s
2026/03/17 16:41:34 GET /api/monitor/metrics/all 200 509.8µs
2026/03/17 16:41:34 GET /api/signals/stats 200 0s
2026/03/17 16:41:34 GET /api/signals/recent 200 0s
2026/03/17 16:41:35 GET /api/pipeline/status 200 0s
2026/03/17 16:41:35 GET /api/monitor/progress 200 1.2024ms
2026/03/17 16:41:36 GET /api/pipeline/history 200 871.8µs
2026/03/17 16:41:37 GET /api/pipeline/status 200 440µs
2026/03/17 16:41:37 GET /api/monitor/progress 200 0s
2026/03/17 16:41:39 GET /api/health 200 0s
2026/03/17 16:41:39 GET /api/pipeline/status 200 0s
2026/03/17 16:41:39 GET /api/pipeline/history 200 0s
2026/03/17 16:41:39 GET /api/monitor/progress 200 508.6µs
2026/03/17 16:41:39 GET /api/backtest/metrics 200 0s
2026/03/17 16:41:39 GET /api/backtest/equity 200 335.9µs
2026/03/17 16:41:39 GET /api/backtest/trades 200 0s
2026/03/17 16:41:39 GET /api/backtest/risk-events 200 994.1µs
2026/03/17 16:41:39 GET /api/signals/stats 200 550.3µs
2026/03/17 16:41:39 GET /api/monitor/gates 200 550.3µs
2026/03/17 16:41:39 GET /api/monitor/metrics/all 200 550.3µs
2026/03/17 16:41:39 GET /api/signals/recent 200 626.8µs
2026/03/17 16:41:41 GET /api/pipeline/status 200 605.8µs
2026/03/17 16:41:41 GET /api/monitor/progress 200 0s
2026/03/17 16:41:42 GET /api/pipeline/history 200 0s
2026/03/17 16:41:43 GET /api/pipeline/status 200 0s
2026/03/17 16:41:43 GET /api/monitor/progress 200 0s
2026/03/17 16:41:44 GET /api/health 200 0s
2026/03/17 16:41:44 GET /api/backtest/metrics 200 774.8µs
2026/03/17 16:41:44 GET /api/backtest/equity 200 0s
2026/03/17 16:41:44 GET /api/backtest/trades 200 0s
2026/03/17 16:41:44 GET /api/backtest/risk-events 200 0s
2026/03/17 16:41:44 GET /api/monitor/gates 200 1.365ms
2026/03/17 16:41:44 GET /api/monitor/metrics/all 200 511.8µs
2026/03/17 16:41:44 GET /api/signals/stats 200 0s
2026/03/17 16:41:44 GET /api/signals/recent 200 0s
2026/03/17 16:41:45 GET /api/pipeline/status 200 0s
2026/03/17 16:41:45 GET /api/monitor/progress 200 513.8µs
2026/03/17 16:41:45 GET /api/pipeline/history 200 544.3µs
2026/03/17 16:41:47 GET /api/pipeline/status 200 724.6µs
2026/03/17 16:41:47 GET /api/monitor/progress 200 0s
2026/03/17 16:41:48 GET /api/pipeline/history 200 0s
2026/03/17 16:41:49 GET /api/health 200 0s
2026/03/17 16:41:49 GET /api/pipeline/status 200 0s
2026/03/17 16:41:49 GET /api/monitor/progress 200 713.6µs
2026/03/17 16:41:49 GET /api/backtest/metrics 200 768µs
2026/03/17 16:41:49 GET /api/backtest/equity 200 512µs
2026/03/17 16:41:49 GET /api/backtest/trades 200 0s
2026/03/17 16:41:49 GET /api/backtest/risk-events 200 799.3µs
2026/03/17 16:41:49 GET /api/monitor/gates 200 0s
2026/03/17 16:41:49 GET /api/monitor/metrics/all 200 387.3µs
2026/03/17 16:41:49 GET /api/signals/stats 200 0s
2026/03/17 16:41:49 GET /api/signals/recent 200 0s
2026/03/17 16:41:51 GET /api/pipeline/status 200 1.0028ms
2026/03/17 16:41:51 GET /api/pipeline/history 200 0s
2026/03/17 16:41:51 GET /api/monitor/progress 200 523.6µs
2026/03/17 16:41:53 GET /api/pipeline/status 200 0s
2026/03/17 16:41:53 GET /api/monitor/progress 200 739.1µs
2026/03/17 16:41:54 GET /api/health 200 0s
2026/03/17 16:41:54 GET /api/pipeline/history 200 0s
2026/03/17 16:41:54 GET /api/backtest/metrics 200 598.3µs
2026/03/17 16:41:54 GET /api/backtest/equity 200 0s
2026/03/17 16:41:54 GET /api/backtest/trades 200 0s
2026/03/17 16:41:54 GET /api/backtest/risk-events 200 0s
2026/03/17 16:41:54 GET /api/monitor/gates 200 588.6µs
2026/03/17 16:41:54 GET /api/signals/stats 200 0s
2026/03/17 16:41:54 GET /api/monitor/metrics/all 200 534.2µs
2026/03/17 16:41:54 GET /api/signals/recent 200 539.8µs
2026/03/17 16:41:55 GET /api/pipeline/status 200 0s
2026/03/17 16:41:55 GET /api/monitor/progress 200 1.2592ms
2026/03/17 16:41:57 GET /api/pipeline/status 200 0s
2026/03/17 16:41:57 GET /api/health 200 0s
2026/03/17 16:41:57 GET /api/monitor/progress 200 1.0268ms
2026/03/17 16:41:57 GET /api/pipeline/history 200 2.0183ms
2026/03/17 16:41:57 GET /api/backtest/metrics 200 0s
2026/03/17 16:41:57 GET /api/backtest/equity 200 0s
2026/03/17 16:41:57 GET /api/pipeline/status 200 0s
2026/03/17 16:41:57 GET /api/backtest/trades 200 510.7µs
2026/03/17 16:41:57 GET /api/backtest/risk-events 200 606.7µs
2026/03/17 16:41:57 GET /api/monitor/gates 200 606.7µs
2026/03/17 16:41:57 GET /api/monitor/progress 200 521.2µs
2026/03/17 16:41:57 GET /api/signals/stats 200 562.8µs
2026/03/17 16:41:57 GET /api/pipeline/history 200 562.8µs
2026/03/17 16:41:57 GET /api/signals/recent 200 0s
2026/03/17 16:41:57 GET /api/monitor/metrics/xgb_fold 200 868.7µs
2026/03/17 16:41:59 GET /api/health 200 0s
2026/03/17 16:41:59 GET /api/pipeline/status 200 0s
2026/03/17 16:41:59 GET /api/monitor/progress 200 549.8µs
2026/03/17 16:41:59 GET /api/backtest/metrics 200 940.2µs
2026/03/17 16:41:59 GET /api/backtest/equity 200 545.5µs
2026/03/17 16:41:59 GET /api/backtest/trades 200 545.5µs
2026/03/17 16:41:59 GET /api/backtest/risk-events 200 321.5µs
2026/03/17 16:41:59 GET /api/monitor/gates 200 0s
2026/03/17 16:41:59 GET /api/monitor/metrics/all 200 0s
2026/03/17 16:41:59 GET /api/signals/stats 200 573µs
2026/03/17 16:41:59 GET /api/signals/recent 200 0s
2026/03/17 16:42:00 GET /api/pipeline/history 200 377.9µs
2026/03/17 16:42:01 GET /api/pipeline/status 200 369.7µs
2026/03/17 16:42:01 GET /api/monitor/progress 200 1.3767ms
2026/03/17 16:42:03 GET /api/pipeline/status 200 0s
2026/03/17 16:42:03 GET /api/pipeline/history 200 0s
2026/03/17 16:42:03 GET /api/monitor/progress 200 1.3638ms
2026/03/17 16:42:04 GET /api/health 200 0s
2026/03/17 16:42:04 GET /api/backtest/metrics 200 660.2µs
2026/03/17 16:42:04 GET /api/backtest/equity 200 652.7µs
2026/03/17 16:42:04 GET /api/backtest/trades 200 375.5µs
2026/03/17 16:42:04 GET /api/backtest/risk-events 200 375.5µs
2026/03/17 16:42:04 GET /api/monitor/gates 200 510.6µs
2026/03/17 16:42:04 GET /api/monitor/metrics/all 200 565.9µs
2026/03/17 16:42:04 GET /api/signals/stats 200 565.9µs
2026/03/17 16:42:04 GET /api/signals/recent 200 627.1µs
2026/03/17 16:42:05 GET /api/pipeline/status 200 718.3µs
2026/03/17 16:42:05 GET /api/monitor/progress 200 506.8µs
2026/03/17 16:42:06 GET /api/pipeline/history 200 0s
2026/03/17 16:42:07 GET /api/pipeline/status 200 0s
2026/03/17 16:42:07 GET /api/monitor/progress 200 0s
2026/03/17 16:42:09 GET /api/health 200 0s
2026/03/17 16:42:09 GET /api/pipeline/status 200 0s
2026/03/17 16:42:09 GET /api/monitor/progress 200 649.6µs
2026/03/17 16:42:09 GET /api/pipeline/history 200 0s
2026/03/17 16:42:09 GET /api/backtest/metrics 200 583.5µs
2026/03/17 16:42:09 GET /api/backtest/equity 200 0s
2026/03/17 16:42:09 GET /api/backtest/trades 200 0s
2026/03/17 16:42:09 GET /api/backtest/risk-events 200 577.4µs
2026/03/17 16:42:09 GET /api/monitor/gates 200 0s
2026/03/17 16:42:09 GET /api/monitor/metrics/all 200 543.7µs
2026/03/17 16:42:09 GET /api/signals/stats 200 537.1µs
2026/03/17 16:42:09 GET /api/signals/recent 200 537.1µs
2026/03/17 16:42:11 GET /api/pipeline/status 200 0s
2026/03/17 16:42:11 GET /api/monitor/progress 200 564.2µs
2026/03/17 16:42:12 GET /api/pipeline/history 200 0s
2026/03/17 16:42:13 GET /api/pipeline/status 200 0s
2026/03/17 16:42:13 GET /api/monitor/progress 200 586.8µs
2026/03/17 16:42:14 GET /api/health 200 0s
2026/03/17 16:42:14 GET /api/backtest/metrics 200 599.6µs
2026/03/17 16:42:14 GET /api/backtest/equity 200 544.9µs
2026/03/17 16:42:14 GET /api/backtest/trades 200 905.4µs
2026/03/17 16:42:14 GET /api/backtest/risk-events 200 632.1µs
2026/03/17 16:42:14 GET /api/monitor/gates 200 509.1µs
2026/03/17 16:42:14 GET /api/monitor/metrics/all 200 762.7µs
2026/03/17 16:42:14 GET /api/signals/stats 200 0s
2026/03/17 16:42:14 GET /api/signals/recent 200 511.8µs
2026/03/17 16:42:15 GET /api/pipeline/status 200 0s
2026/03/17 16:42:15 GET /api/monitor/progress 200 674.1µs
2026/03/17 16:42:15 GET /api/pipeline/history 200 0s
2026/03/17 16:42:17 GET /api/pipeline/status 200 0s
2026/03/17 16:42:17 GET /api/monitor/progress 200 0s
2026/03/17 16:42:18 GET /api/pipeline/history 200 368.8µs
2026/03/17 16:42:19 GET /api/health 200 0s
2026/03/17 16:42:19 GET /api/pipeline/status 200 0s
2026/03/17 16:42:19 GET /api/monitor/progress 200 508.4µs
2026/03/17 16:42:19 GET /api/backtest/metrics 200 509.3µs
2026/03/17 16:42:19 GET /api/backtest/equity 200 509.3µs
2026/03/17 16:42:19 GET /api/backtest/trades 200 536.2µs
2026/03/17 16:42:19 GET /api/backtest/risk-events 200 536.2µs
2026/03/17 16:42:19 GET /api/monitor/gates 200 438.9µs
2026/03/17 16:42:19 GET /api/monitor/metrics/all 200 0s
2026/03/17 16:42:19 GET /api/signals/stats 200 0s
2026/03/17 16:42:19 GET /api/signals/recent 200 0s
2026/03/17 16:42:57 GET /api/pipeline/status 200 0s
2026/03/17 16:42:57 GET /api/pipeline/history 200 0s
2026/03/17 16:42:57 GET /api/monitor/progress 200 1.1263ms
2026/03/17 16:42:57 GET /api/health 200 0s
2026/03/17 16:42:57 GET /api/pipeline/status 200 0s
2026/03/17 16:42:57 GET /api/backtest/metrics 200 563µs
2026/03/17 16:42:57 GET /api/monitor/progress 200 563µs
2026/03/17 16:42:57 GET /api/pipeline/history 200 0s
2026/03/17 16:42:57 GET /api/backtest/equity 200 0s
2026/03/17 16:42:57 GET /api/backtest/trades 200 0s
2026/03/17 16:42:57 GET /api/backtest/risk-events 200 595.1µs
2026/03/17 16:42:57 GET /api/monitor/gates 200 595.1µs
2026/03/17 16:42:57 GET /api/signals/stats 200 566.5µs
2026/03/17 16:42:57 GET /api/health 200 0s
2026/03/17 16:42:57 GET /api/backtest/metrics 200 0s
2026/03/17 16:42:57 GET /api/signals/recent 200 557.2µs
2026/03/17 16:42:57 GET /api/backtest/equity 200 0s
2026/03/17 16:42:57 GET /api/backtest/trades 200 0s
2026/03/17 16:42:57 GET /api/monitor/metrics/xgb_fold 200 549.7µs
2026/03/17 16:42:57 GET /api/backtest/risk-events 200 0s
2026/03/17 16:42:57 GET /api/monitor/gates 200 557.8µs
2026/03/17 16:42:57 GET /api/monitor/metrics/all 200 552.6µs
2026/03/17 16:42:57 GET /api/signals/stats 200 543.5µs
2026/03/17 16:42:57 GET /api/signals/recent 200 0s
2026/03/17 16:43:57 GET /api/health 200 0s
2026/03/17 16:43:57 GET /api/pipeline/status 200 0s
2026/03/17 16:43:57 GET /api/monitor/progress 200 779.2µs
2026/03/17 16:43:57 GET /api/pipeline/history 200 0s
2026/03/17 16:43:57 GET /api/health 200 0s
2026/03/17 16:43:57 GET /api/backtest/metrics 200 0s
2026/03/17 16:43:57 GET /api/pipeline/status 200 0s
2026/03/17 16:43:57 GET /api/monitor/progress 200 0s
2026/03/17 16:43:57 GET /api/backtest/equity 200 0s
2026/03/17 16:43:57 GET /api/backtest/metrics 200 598.9µs
2026/03/17 16:43:57 GET /api/backtest/trades 200 0s
2026/03/17 16:43:57 GET /api/backtest/equity 200 1.1308ms
2026/03/17 16:43:57 GET /api/backtest/risk-events 200 507.3µs
2026/03/17 16:43:57 GET /api/monitor/gates 200 0s
2026/03/17 16:43:57 GET /api/backtest/trades 200 628.1µs
2026/03/17 16:43:57 GET /api/signals/stats 200 628.1µs
2026/03/17 16:43:57 GET /api/monitor/metrics/all 200 628.1µs
2026/03/17 16:43:57 GET /api/signals/recent 200 504.3µs
2026/03/17 16:43:57 GET /api/backtest/risk-events 200 0s
2026/03/17 16:43:57 GET /api/monitor/gates 200 0s
2026/03/17 16:43:57 GET /api/pipeline/history 200 0s
2026/03/17 16:43:57 GET /api/signals/stats 200 0s
2026/03/17 16:43:57 GET /api/signals/recent 200 0s
2026/03/17 16:43:57 GET /api/monitor/metrics/xgb_fold 200 0s
